// Vitest Snapshot v1, https://vitest.dev/guide/snapshot.html

exports[`The Color Mode Switch > The color mode sensor > should render the correct script 1`] = `
<DocumentFragment>
  <script
    id="color-mode-sensor"
    nonce="example-nonce"
  >
    (() =&gt; {
  const cl = document.firstElementChild?.classList;
  if (!(cl?.contains("dark") || cl?.contains("light"))) {
    cl?.add(window.matchMedia("(prefers-color-scheme: dark)").matches ? "dark" : "light");
  }
})();
  </script>
  <script
    id="color-mode-update"
    nonce="example-nonce"
  >
    (() =&gt; {
  addEventListener("load", () =&gt; {
    window.matchMedia("(prefers-color-scheme: dark)").addEventListener("change", (e) =&gt; {
      const cl = document.firstElementChild?.classList;
      cl?.remove(e.matches ? "light" : "dark");
      cl?.add(e.matches ? "dark" : "light");
    });
  });
})();
  </script>
</DocumentFragment>
`;

exports[`The Color Mode Switch > The color mode switcher > should configure the form correctly 1`] = `
<DocumentFragment>
  <div
    class="color-mode-toggle-container"
  >
    <form
      action="/settings/color-mode"
      method="post"
    >
      <input
        name="colorMode"
        type="hidden"
        value="dark"
      />
      <button
        aria-live="polite"
        class="color-mode-toggle"
        id="colorMode-toggle"
        title="app.colorModeToggle"
        type="submit"
      >
        <svg
          aria-hidden="true"
          class="sun-and-moon"
          height="24"
          viewBox="0 0 24 24"
          width="24"
        >
          <mask
            class="moon"
            id="moon-mask"
          >
            <rect
              fill="white"
              height="100%"
              width="100%"
              x="0"
              y="0"
            />
            <circle
              cx="24"
              cy="10"
              fill="black"
              r="6"
            />
          </mask>
          <circle
            class="sun"
            cx="12"
            cy="12"
            fill="currentColor"
            mask="url(#moon-mask)"
            r="6"
          />
          <g
            class="sun-beams"
            stroke="currentColor"
          >
            <line
              x1="12"
              x2="12"
              y1="1"
              y2="3"
            />
            <line
              x1="12"
              x2="12"
              y1="21"
              y2="23"
            />
            <line
              x1="4.22"
              x2="5.64"
              y1="4.22"
              y2="5.64"
            />
            <line
              x1="18.36"
              x2="19.78"
              y1="18.36"
              y2="19.78"
            />
            <line
              x1="1"
              x2="3"
              y1="12"
              y2="12"
            />
            <line
              x1="21"
              x2="23"
              y1="12"
              y2="12"
            />
            <line
              x1="4.22"
              x2="5.64"
              y1="19.78"
              y2="18.36"
            />
            <line
              x1="18.36"
              x2="19.78"
              y1="5.64"
              y2="4.22"
            />
          </g>
        </svg>
      </button>
    </form>
  </div>
</DocumentFragment>
`;
