// Vitest Snapshot v1

exports[`contentSecurityPolicy > is correctly set 1`] = `"script-src 'nonce-noncevalue' 'strict-dynamic'; object-src 'none'; base-uri 'none';"`;
